[NX v22.6.4 Daemon Client] - 2026-08-26T07:46:22.186Z - [Client] Starting new daemon server in background
[NX v22.6.4 Daemon Client] - 2026-08-26T07:46:22.187Z - [Client] Waiting for server (max: 6000 attempts, 10ms interval)
[NX v22.6.4 Daemon Server] - 2026-08-26T07:46:22.303Z - New daemon starting from: /Users/craigcurtis/workbench/northguild/gmt/node_modules/.pnpm/nx@22.6.4/node_modules/nx/src/daemon/server/server.js
[NX v22.6.4 Daemon Server] - 2026-08-26T07:46:22.304Z - New daemon __dirname: /Users/craigcurtis/workbench/northguild/gmt/node_modules/.pnpm/nx@22.6.4/node_modules/nx/src/daemon/server
[NX v22.6.4 Daemon Server] - 2026-08-26T07:46:22.304Z - New daemon nxVersion: 22.6.4
[NX v22.6.4 Daemon Server] - 2026-08-26T07:46:22.304Z - New daemon getInstalledNxVersion(): 22.6.4
[NX v22.6.4 Daemon Server] - 2026-08-26T07:46:22.305Z - Time taken for 'workspace context init' 0.8494159999999908ms
[NX v22.6.4 Daemon Server] - 2026-08-26T07:46:22.305Z - [Server] Starting outdated check interval (20ms)
[NX v22.6.4 Daemon Server] - 2026-08-26T07:46:22.306Z - Started listening on: /private/var/folders/63/d7nkfk_s5n3dq9c2mq1m70qc0000gn/T/03494854739fc17b69e5/d.sock
[NX v22.6.4 Daemon Server] - 2026-08-26T07:46:22.307Z - [WATCHER]: Subscribed to changes within: /Users/craigcurtis/workbench/northguild/gmt (native)
[NX v22.6.4 Daemon Server] - 2026-08-26T07:46:22.307Z - [LATEST-NX]: Pulling latest Nx...
Fetching nx...
[NX v22.6.4 Daemon Client] - 2026-08-26T07:46:22.310Z - [Client] Server available after 11 attempts
[NX v22.6.4 Daemon Client] - 2026-08-26T07:46:22.310Z - [Client] Daemon server started, pid=93411
[NX v22.6.4 Daemon Client] - 2026-08-26T07:46:22.311Z - [Messenger] Setting up socket listeners
[NX v22.6.4 Daemon Client] - 2026-08-26T07:46:22.311Z - [Messenger] listen() complete
[NX v22.6.4 Daemon Client] - 2026-08-26T07:46:22.311Z - [Messenger] Sending message type: REQUEST_PROJECT_GRAPH
[NX v22.6.4 Daemon Client] - 2026-08-26T07:46:22.311Z - [Messenger] Message sent
[NX v22.6.4 Daemon Server] - 2026-08-26T07:46:22.314Z - [AI-AGENTS]: Starting agent configuration status computation
[NX v22.6.4 Daemon Server] - 2026-08-26T07:46:22.314Z - Established a connection. Number of open connections: 1
[NX v22.6.4 Daemon Server] - 2026-08-26T07:46:22.314Z - Established a connection. Number of open connections: 2
[NX v22.6.4 Daemon Server] - 2026-08-26T07:46:22.315Z - Closed a connection. Number of open connections: 1
[NX v22.6.4 Daemon Server] - 2026-08-26T07:46:22.320Z - Received raw message of length 32
[NX v22.6.4 Daemon Server] - 2026-08-26T07:46:22.320Z - Received json message of type REQUEST_PROJECT_GRAPH
[NX v22.6.4 Daemon Server] - 2026-08-26T07:46:22.320Z - [REQUEST]: Client Request for Project Graph Received
[NX v22.6.4 Daemon Server] - 2026-08-26T07:46:22.369Z - [WATCHER]: Processing file changes in outputs
Time taken for 'plugin worker 93414 code loading' 103.602208ms
Time taken for 'plugin worker 93416 code loading' 102.220167ms
Time taken for 'plugin worker 93413 code loading' 104.109333ms
[NX v22.6.4 Daemon Server] - 2026-08-26T07:46:22.468Z - Time taken for 'start-plugin-worker:/Users/craigcurtis/workbench/northguild/gmt/node_modules/.pnpm/nx@22.6.4/node_modules/nx/src/plugins/js' 145.94358300000005ms
[NX v22.6.4 Daemon Server] - 2026-08-26T07:46:22.469Z - Time taken for 'start-plugin-worker:/Users/craigcurtis/workbench/northguild/gmt/node_modules/.pnpm/nx@22.6.4/node_modules/nx/src/plugins/package-json' 145.494209ms
Time taken for 'plugin worker 93415 code loading' 102.844167ms
[NX v22.6.4 Daemon Server] - 2026-08-26T07:46:22.470Z - Time taken for 'start-plugin-worker:/Users/craigcurtis/workbench/northguild/gmt/node_modules/.pnpm/nx@22.6.4/node_modules/nx/src/plugins/project-json/build-nodes/project-json' 146.491375ms
[NX v22.6.4 Daemon Server] - 2026-08-26T07:46:22.470Z - Time taken for 'start-plugin-worker:@nx/js/typescript' 146.11983300000003ms
[NX v22.6.4 Daemon Server] - 2026-08-26T07:46:22.496Z - Time taken for 'Load Nx Plugin: /Users/craigcurtis/workbench/northguild/gmt/node_modules/.pnpm/nx@22.6.4/node_modules/nx/src/plugins/project-json/build-nodes/project-json' 175.00708400000002ms
[NX v22.6.4 Daemon Server] - 2026-08-26T07:46:22.496Z - Time taken for 'Load Nx Plugin: /Users/craigcurtis/workbench/northguild/gmt/node_modules/.pnpm/nx@22.6.4/node_modules/nx/src/plugins/package-json' 175.339042ms
[NX v22.6.4 Daemon Server] - 2026-08-26T07:46:22.503Z - Time taken for 'loadDefaultNxPlugins' 182.60370899999998ms
[NX v22.6.4 Daemon Server] - 2026-08-26T07:46:22.503Z - Time taken for 'Load Nx Plugin: /Users/craigcurtis/workbench/northguild/gmt/node_modules/.pnpm/nx@22.6.4/node_modules/nx/src/plugins/js' 182.51462500000002ms
[NX v22.6.4 Daemon Server] - 2026-08-26T07:46:22.540Z - [REQUEST]: Updated workspace context based on watched changes, recomputing project graph...
[NX v22.6.4 Daemon Server] - 2026-08-26T07:46:22.540Z - [REQUEST]: 
[NX v22.6.4 Daemon Server] - 2026-08-26T07:46:22.540Z - [REQUEST]: 
[NX v22.6.4 Daemon Server] - 2026-08-26T07:46:22.542Z - No files changed, but no in-memory cached project graph found. Recomputing it...
[NX v22.6.4 Daemon Server] - 2026-08-26T07:46:22.545Z - Time taken for 'loadSpecifiedNxPlugins' 217.792375ms
[NX v22.6.4 Daemon Server] - 2026-08-26T07:46:22.545Z - Time taken for 'Load Nx Plugin: @nx/js/typescript' 217.735833ms
[NX v22.6.4 Daemon Server] - 2026-08-26T07:46:22.545Z - Time taken for 'hash changed files from watcher' 1.0509170000000267ms
Time taken for 'nx/js/dependencies-and-lockfile:createNodes' 23.69958299999999ms
[NX v22.6.4 Daemon Server] - 2026-08-26T07:46:22.668Z - Time taken for 'build-project-configs' 112.87466699999999ms
[NX v22.6.4 Daemon Server] - 2026-08-26T07:46:22.669Z - Time taken for 'createNodes:merge' 3.559750000000008ms
[NX v22.6.4 Daemon Server] - 2026-08-26T07:46:22.669Z - Time taken for 'native-file-deps' 0.00408399999997755ms
[NX v22.6.4 Daemon Server] - 2026-08-26T07:46:22.669Z - Time taken for 'get-workspace-files' 1.1780840000000126ms
[NX v22.6.4 Daemon Server] - 2026-08-26T07:46:22.669Z - Time taken for 'get-all-workspace-files' 0.22862500000002228ms
[NX v22.6.4 Daemon Server] - 2026-08-26T07:46:22.669Z - Time taken for 'read cache' 0.05604199999999082ms
Time taken for '@nx/js/typescript:createNodes' 106.22404200000003ms
[NX v22.6.4 Daemon Server] - 2026-08-26T07:46:22.673Z - Time taken for '@nx/js/typescript:createDependencies' 5.947916999999961ms
Time taken for 'build typescript dependencies' 52.48395799999997ms
[NX v22.6.4 Daemon Server] - 2026-08-26T07:46:22.740Z - [SYNC]: collect registered sync generators
[NX v22.6.4 Daemon Server] - 2026-08-26T07:46:22.742Z - Wrote project graph cache to /Users/craigcurtis/workbench/northguild/gmt/.nx/workspace-data/project-graph.json
[NX v22.6.4 Daemon Server] - 2026-08-26T07:46:22.742Z - Serializing response for REQUEST_PROJECT_GRAPH message in json mode
[NX v22.6.4 Daemon Server] - 2026-08-26T07:46:22.742Z - Responding to REQUEST_PROJECT_GRAPH message
[NX v22.6.4 Daemon Server] - 2026-08-26T07:46:22.742Z - [REQUEST]: Responding to the client. project-graph
[NX v22.6.4 Daemon Server] - 2026-08-26T07:46:22.742Z - Time taken for 'total for creating and serializing project graph' 421.3655ms
[NX v22.6.4 Daemon Server] - 2026-08-26T07:46:22.742Z - Time taken for 'total execution time for createProjectGraph()' 75.339542ms
[NX v22.6.4 Daemon Server] - 2026-08-26T07:46:22.742Z - Time taken for 'createDependencies' 71.77041700000001ms
[NX v22.6.4 Daemon Server] - 2026-08-26T07:46:22.742Z - Time taken for 'nx/js/dependencies-and-lockfile:createDependencies' 71.658166ms
[NX v22.6.4 Daemon Server] - 2026-08-26T07:46:22.742Z - Time taken for 'createMetadata' 0.02791700000000219ms
[NX v22.6.4 Daemon Server] - 2026-08-26T07:46:22.742Z - Time taken for 'serialize graph' 0.6696249999999964ms
[NX v22.6.4 Daemon Server] - 2026-08-26T07:46:22.742Z - Time taken for 'write cache' 1.591083000000026ms
[NX v22.6.4 Daemon Server] - 2026-08-26T07:46:22.744Z - Done responding to the client project-graph
[NX v22.6.4 Daemon Server] - 2026-08-26T07:46:22.744Z - Handled json message REQUEST_PROJECT_GRAPH. Handling time: 422. Response time: 2.
[NX v22.6.4 Daemon Client] - 2026-08-26T07:46:22.744Z - [Messenger] Received message, length: 340284
[NX v22.6.4 Daemon Client] - 2026-08-26T07:46:22.747Z - [Messenger] Sending message type: PRE_TASKS_EXECUTION
[NX v22.6.4 Daemon Client] - 2026-08-26T07:46:22.747Z - [Messenger] Message sent
[NX v22.6.4 Daemon Server] - 2026-08-26T07:46:22.747Z - Received raw message of length 1160
[NX v22.6.4 Daemon Server] - 2026-08-26T07:46:22.747Z - Received json message of type PRE_TASKS_EXECUTION
[NX v22.6.4 Daemon Server] - 2026-08-26T07:46:22.747Z - Serializing response for PRE_TASKS_EXECUTION message in json mode
[NX v22.6.4 Daemon Server] - 2026-08-26T07:46:22.747Z - Responding to PRE_TASKS_EXECUTION message
[NX v22.6.4 Daemon Server] - 2026-08-26T07:46:22.747Z - [REQUEST]: Responding to the client. handleRunPreTasksExecution
[NX v22.6.4 Daemon Server] - 2026-08-26T07:46:22.748Z - Done responding to the client handleRunPreTasksExecution
[NX v22.6.4 Daemon Server] - 2026-08-26T07:46:22.748Z - Handled json message PRE_TASKS_EXECUTION. Handling time: 0. Response time: 1.
[NX v22.6.4 Daemon Server] - 2026-08-26T07:46:22.748Z - Time taken for 'preTasksExecution' 0.2982919999999467ms
[NX v22.6.4 Daemon Client] - 2026-08-26T07:46:22.748Z - [Messenger] Received message, length: 2
[NX v22.6.4 Daemon Client] - 2026-08-26T07:46:22.779Z - [Messenger] Sending message type: HASH_TASKS
[NX v22.6.4 Daemon Client] - 2026-08-26T07:46:22.779Z - [Messenger] Message sent
[NX v22.6.4 Daemon Server] - 2026-08-26T07:46:22.779Z - Received raw message of length 5164
[NX v22.6.4 Daemon Server] - 2026-08-26T07:46:22.779Z - Received json message of type HASH_TASKS
[NX v22.6.4 Daemon Server] - 2026-08-26T07:46:22.779Z - Reusing in-memory cached project graph because no files changed.
DEBUG nx::native::tasks::hash_planner: get_plans_internal COMPLETED in 664.5µs - processed 2 tasks (setup: 528.292µs, parallel_planning: 133.25µs)
DEBUG nx::native::tasks::hashers::hash_workspace_files: Hashing workspace fileset with inputs: Adding "5151225904335349452" (".gitignore") to hash
DEBUG nx::native::tasks::hashers::hash_workspace_files: Hashing workspace fileset with inputs: Adding "13234111819580152727" ("nx.json") to hash
DEBUG nx::native::tasks::hashers::hash_workspace_files: Hashing workspace fileset with inputs: Hash Value: "37413377874926402"
DEBUG nx::native::tasks::hashers::hash_workspace_files: Hashing workspace fileset with inputs: Adding "16901489080615558400" (".github/workflows/ci.yml") to hash
DEBUG nx::native::tasks::hashers::hash_workspace_files: Hashing workspace fileset with inputs: Adding "2682318533320112152" (".github/workflows/publish.yml") to hash
DEBUG nx::native::tasks::hashers::hash_workspace_files: Hashing workspace fileset with inputs: Hash Value: "8287276106490270620"
DEBUG nx::native::tasks::task_hasher: hash_plans COMPLETED in 1.064875ms - processed 2 plans (setup: 172.791µs, hashing: 891.417µs, assembly: 314.542µs)
[NX v22.6.4 Daemon Server] - 2026-08-26T07:46:22.783Z - Serializing response for HASH_TASKS message in json mode
[NX v22.6.4 Daemon Server] - 2026-08-26T07:46:22.783Z - Responding to HASH_TASKS message
[NX v22.6.4 Daemon Server] - 2026-08-26T07:46:22.783Z - [REQUEST]: Responding to the client. handleHashTasks
[NX v22.6.4 Daemon Server] - 2026-08-26T07:46:22.784Z - Done responding to the client handleHashTasks
[NX v22.6.4 Daemon Server] - 2026-08-26T07:46:22.784Z - Handled json message HASH_TASKS. Handling time: 4. Response time: 1.
[NX v22.6.4 Daemon Client] - 2026-08-26T07:46:22.784Z - [Messenger] Received message, length: 22003
[NX v22.6.4 Daemon Client] - 2026-08-26T07:46:22.992Z - [Messenger] Sending message type: GET_ESTIMATED_TASK_TIMINGS
[NX v22.6.4 Daemon Client] - 2026-08-26T07:46:22.992Z - [Messenger] Message sent
[NX v22.6.4 Daemon Server] - 2026-08-26T07:46:22.992Z - Received raw message of length 150
[NX v22.6.4 Daemon Server] - 2026-08-26T07:46:22.992Z - Received json message of type GET_ESTIMATED_TASK_TIMINGS
[NX v22.6.4 Daemon Server] - 2026-08-26T07:46:23.012Z - Serializing response for GET_ESTIMATED_TASK_TIMINGS message in json mode
[NX v22.6.4 Daemon Server] - 2026-08-26T07:46:23.012Z - Responding to GET_ESTIMATED_TASK_TIMINGS message
[NX v22.6.4 Daemon Server] - 2026-08-26T07:46:23.012Z - [REQUEST]: Responding to the client. handleGetEstimatedTaskTimings
[NX v22.6.4 Daemon Server] - 2026-08-26T07:46:23.012Z - Done responding to the client handleGetEstimatedTaskTimings
[NX v22.6.4 Daemon Server] - 2026-08-26T07:46:23.012Z - Handled json message GET_ESTIMATED_TASK_TIMINGS. Handling time: 20. Response time: 0.
[NX v22.6.4 Daemon Client] - 2026-08-26T07:46:23.012Z - [Messenger] Received message, length: 2
[NX v22.6.4 Daemon Server] - 2026-08-26T07:46:24.007Z - [LATEST-NX]: Successfully pulled latest Nx to /private/var/folders/63/d7nkfk_s5n3dq9c2mq1m70qc0000gn/T/tmp-93411-Z4sIuHUedJ2q
[NX v23.1.1 Daemon Server] - 2026-08-26T07:46:24.453Z - [NX-CONSOLE]: Using local implementation (NX_USE_LOCAL=true or inner call)
DEBUG nx::native::ide::install: Detected editor: Unknown
[NX v22.6.4 Daemon Server] - 2026-08-26T07:46:24.460Z - [NX-CONSOLE]: Console status check completed, shouldPrompt: false
DEBUG nx::native::ide::install: Editor command 'code' is installed
DEBUG nx::native::ide::install: Editor command 'code-insiders' not found
DEBUG nx::native::ide::install: Checking if Nx Console extension is installed with: code --list-extensions
[NX v22.6.4 Daemon Server] - 2026-08-26T07:46:24.686Z - [WATCHER]: packages/gmt-oxlint/tsup.config.bundled_rg0iyhyasmh.mjs was deleted
[NX v22.6.4 Daemon Server] - 2026-08-26T07:46:24.686Z - [SYNC]: clearing sync generators cache due to file changes
[NX v22.6.4 Daemon Server] - 2026-08-26T07:46:24.686Z - [WATCHER]: Processing file changes in outputs
[NX v22.6.4 Daemon Server] - 2026-08-26T07:46:24.788Z - [REQUEST]: Updated workspace context based on watched changes, recomputing project graph...
[NX v22.6.4 Daemon Server] - 2026-08-26T07:46:24.788Z - [REQUEST]: 
[NX v22.6.4 Daemon Server] - 2026-08-26T07:46:24.788Z - [REQUEST]: packages/gmt-oxlint/tsup.config.bundled_rg0iyhyasmh.mjs
[NX v22.6.4 Daemon Server] - 2026-08-26T07:46:24.794Z - Time taken for 'hash changed files from watcher' 0.9894580000000133ms
Time taken for 'plugin worker 93543 code loading' 74.818708ms
[NX v22.6.4 Daemon Server] - 2026-08-26T07:46:24.900Z - Time taken for 'start-plugin-worker:nx/core/project-json' 106.40962500000023ms
Time taken for 'plugin worker 93545 code loading' 76.241292ms
Time taken for 'plugin worker 93542 code loading' 80.92375ms
Time taken for 'plugin worker 93544 code loading' 80.760791ms
[NX v22.6.4 Daemon Server] - 2026-08-26T07:46:24.907Z - Time taken for 'start-plugin-worker:@nx/js/typescript' 118.24795799999993ms
[NX v22.6.4 Daemon Server] - 2026-08-26T07:46:24.907Z - Time taken for 'start-plugin-worker:nx/js/dependencies-and-lockfile' 117.32625000000007ms
[NX v22.6.4 Daemon Server] - 2026-08-26T07:46:24.907Z - Time taken for 'start-plugin-worker:nx/core/package-json' 114.382834ms
Time taken for 'nx/js/dependencies-and-lockfile:createNodes' 2.624291999999997ms
DEBUG nx::native::ide::install: Nx Console extension is installed
[NX v22.6.4 Daemon Client] - 2026-08-26T07:46:25.322Z - [Messenger] Sending message type: RECORD_OUTPUTS_HASH
[NX v22.6.4 Daemon Client] - 2026-08-26T07:46:25.322Z - [Messenger] Message sent
[NX v22.6.4 Daemon Server] - 2026-08-26T07:46:25.585Z - Received raw message of length 107
[NX v22.6.4 Daemon Server] - 2026-08-26T07:46:25.585Z - Received json message of type RECORD_OUTPUTS_HASH
[NX v22.6.4 Daemon Server] - 2026-08-26T07:46:25.587Z - Serializing response for RECORD_OUTPUTS_HASH message in json mode
[NX v22.6.4 Daemon Server] - 2026-08-26T07:46:25.588Z - Responding to RECORD_OUTPUTS_HASH message
[NX v22.6.4 Daemon Server] - 2026-08-26T07:46:25.588Z - [REQUEST]: Responding to the client. recordOutputsHash
[NX v22.6.4 Daemon Server] - 2026-08-26T07:46:25.588Z - Done responding to the client recordOutputsHash
[NX v22.6.4 Daemon Server] - 2026-08-26T07:46:25.588Z - Handled json message RECORD_OUTPUTS_HASH. Handling time: 2. Response time: 1.
[NX v22.6.4 Daemon Server] - 2026-08-26T07:46:25.588Z - [WATCHER]: Processing file changes in outputs
[NX v22.6.4 Daemon Client] - 2026-08-26T07:46:25.588Z - [Messenger] Received message, length: 2
[NX v22.6.4 Daemon Server] - 2026-08-26T07:46:25.598Z - Time taken for 'build-project-configs' 803.9575410000002ms
[NX v22.6.4 Daemon Server] - 2026-08-26T07:46:25.598Z - Time taken for 'createNodes:merge' 0.9319590000000062ms
[NX v22.6.4 Daemon Server] - 2026-08-26T07:46:25.598Z - Time taken for 'get-all-workspace-files' 0.25858400000015536ms
Time taken for '@nx/js/typescript:createNodes' 5.437167000000045ms
[NX v22.6.4 Daemon Server] - 2026-08-26T07:46:25.600Z - Time taken for '@nx/js/typescript:createDependencies' 3.711416999999983ms
Time taken for 'build typescript dependencies' 0.0618330000000924ms
[NX v22.6.4 Daemon Server] - 2026-08-26T07:46:25.608Z - [SYNC]: collect registered sync generators
[NX v22.6.4 Daemon Server] - 2026-08-26T07:46:25.608Z - [SYNC]: project graph hash is the same, not collecting task sync generators
[NX v22.6.4 Daemon Server] - 2026-08-26T07:46:25.608Z - [SYNC]: nx.json hash is the same, not collecting global sync generators
[NX v22.6.4 Daemon Server] - 2026-08-26T07:46:25.608Z - Time taken for 'total execution time for createProjectGraph()' 13.225540999999794ms
[NX v22.6.4 Daemon Server] - 2026-08-26T07:46:25.608Z - Time taken for 'createDependencies' 10.129917000000205ms
[NX v22.6.4 Daemon Server] - 2026-08-26T07:46:25.608Z - Time taken for 'nx/js/dependencies-and-lockfile:createDependencies' 10.081666999999925ms
[NX v22.6.4 Daemon Server] - 2026-08-26T07:46:25.608Z - Time taken for 'createMetadata' 0.013790999999855558ms
[NX v22.6.4 Daemon Server] - 2026-08-26T07:46:25.608Z - Time taken for 'serialize graph' 0.66924999999992ms
[NX v22.6.4 Daemon Server] - 2026-08-26T07:46:25.645Z - [WATCHER]: Processing file changes in outputs
DEBUG nx::native::ide::install: Editor command 'code' is installed
DEBUG nx::native::ide::install: Checking if Nx Console extension is installed with: code --list-extensions
DEBUG nx::native::ide::install: Nx Console extension is installed
DEBUG nx::native::ide::install: Editor command 'code-insiders' not found
DEBUG nx::native::ide::install: Editor command 'cursor' is installed
DEBUG nx::native::ide::install: Checking if Nx Console extension is installed with: cursor --list-extensions
DEBUG nx::native::ide::install: Nx Console extension is installed
[NX v22.6.4 Daemon Server] - 2026-08-26T07:46:27.298Z - [WATCHER]: Processing file changes in outputs
[NX v22.6.4 Daemon Server] - 2026-08-26T07:46:27.299Z - [WATCHER]: Processing file changes in outputs
[NX v22.6.4 Daemon Server] - 2026-08-26T07:46:27.299Z - [WATCHER]: Processing file changes in outputs
[NX v22.6.4 Daemon Server] - 2026-08-26T07:46:27.337Z - [WATCHER]: Processing file changes in outputs
[NX v22.6.4 Daemon Server] - 2026-08-26T07:46:27.391Z - [WATCHER]: Processing file changes in outputs
[NX v22.6.4 Daemon Server] - 2026-08-26T07:46:27.444Z - [WATCHER]: Processing file changes in outputs
DEBUG nx::native::ide::install: Editor command 'cursor' is installed
DEBUG nx::native::ide::install: Checking if Nx Console extension is installed with: cursor --list-extensions
[NX v22.6.4 Daemon Server] - 2026-08-26T07:46:27.496Z - [WATCHER]: Processing file changes in outputs
DEBUG nx::native::ide::install: Nx Console extension is installed
[NX v22.6.4 Daemon Server] - 2026-08-26T07:46:27.726Z - [AI-AGENTS]: Agent configuration status computation completed: 2 fully configured, 2 outdated, 3 partially configured, 1 non-configured
[NX v22.6.4 Daemon Server] - 2026-08-26T07:46:28.079Z - [WATCHER]: Processing file changes in outputs
[NX v22.6.4 Daemon Client] - 2026-08-26T07:46:28.105Z - [Messenger] Sending message type: RECORD_OUTPUTS_HASH
[NX v22.6.4 Daemon Client] - 2026-08-26T07:46:28.105Z - [Messenger] Message sent
[NX v22.6.4 Daemon Server] - 2026-08-26T07:46:28.105Z - Received raw message of length 99
[NX v22.6.4 Daemon Server] - 2026-08-26T07:46:28.105Z - Received json message of type RECORD_OUTPUTS_HASH
[NX v22.6.4 Daemon Server] - 2026-08-26T07:46:28.117Z - Serializing response for RECORD_OUTPUTS_HASH message in json mode
[NX v22.6.4 Daemon Server] - 2026-08-26T07:46:28.117Z - Responding to RECORD_OUTPUTS_HASH message
[NX v22.6.4 Daemon Server] - 2026-08-26T07:46:28.117Z - [REQUEST]: Responding to the client. recordOutputsHash
[NX v22.6.4 Daemon Server] - 2026-08-26T07:46:28.117Z - Done responding to the client recordOutputsHash
[NX v22.6.4 Daemon Server] - 2026-08-26T07:46:28.117Z - Handled json message RECORD_OUTPUTS_HASH. Handling time: 12. Response time: 0.
[NX v22.6.4 Daemon Client] - 2026-08-26T07:46:28.117Z - [Messenger] Received message, length: 2
[NX v22.6.4 Daemon Server] - 2026-08-26T07:46:28.145Z - [WATCHER]: Processing file changes in outputs
[NX v22.6.4 Daemon Server] - 2026-08-26T07:46:28.199Z - [WATCHER]: Processing file changes in outputs
[NX v22.6.4 Daemon Server] - 2026-08-26T07:46:28.253Z - [WATCHER]: Processing file changes in outputs
[NX v22.6.4 Daemon Server] - 2026-08-26T07:46:28.306Z - [WATCHER]: Processing file changes in outputs
[NX v22.6.4 Daemon Client] - 2026-08-26T07:46:28.316Z - [Messenger] Sending message type: RECORD_TASK_RUNS
[NX v22.6.4 Daemon Client] - 2026-08-26T07:46:28.316Z - [Messenger] Message sent
[NX v22.6.4 Daemon Server] - 2026-08-26T07:46:28.316Z - Received raw message of length 394
[NX v22.6.4 Daemon Server] - 2026-08-26T07:46:28.316Z - Received json message of type RECORD_TASK_RUNS
[NX v22.6.4 Daemon Server] - 2026-08-26T07:46:28.317Z - Serializing response for RECORD_TASK_RUNS message in json mode
[NX v22.6.4 Daemon Server] - 2026-08-26T07:46:28.317Z - Responding to RECORD_TASK_RUNS message
[NX v22.6.4 Daemon Server] - 2026-08-26T07:46:28.317Z - [REQUEST]: Responding to the client. handleRecordTaskRuns
[NX v22.6.4 Daemon Server] - 2026-08-26T07:46:28.317Z - Done responding to the client handleRecordTaskRuns
[NX v22.6.4 Daemon Server] - 2026-08-26T07:46:28.317Z - Handled json message RECORD_TASK_RUNS. Handling time: 1. Response time: 0.
[NX v22.6.4 Daemon Client] - 2026-08-26T07:46:28.317Z - [Messenger] Received message, length: 4
[NX v22.6.4 Daemon Client] - 2026-08-26T07:46:28.317Z - [Messenger] Sending message type: GET_FLAKY_TASKS
[NX v22.6.4 Daemon Client] - 2026-08-26T07:46:28.317Z - [Messenger] Message sent
[NX v22.6.4 Daemon Server] - 2026-08-26T07:46:28.317Z - Received raw message of length 80
[NX v22.6.4 Daemon Server] - 2026-08-26T07:46:28.317Z - Received json message of type GET_FLAKY_TASKS
[NX v22.6.4 Daemon Server] - 2026-08-26T07:46:28.317Z - Serializing response for GET_FLAKY_TASKS message in json mode
[NX v22.6.4 Daemon Server] - 2026-08-26T07:46:28.317Z - Responding to GET_FLAKY_TASKS message
[NX v22.6.4 Daemon Server] - 2026-08-26T07:46:28.317Z - [REQUEST]: Responding to the client. handleGetFlakyTasks
[NX v22.6.4 Daemon Server] - 2026-08-26T07:46:28.317Z - Done responding to the client handleGetFlakyTasks
[NX v22.6.4 Daemon Server] - 2026-08-26T07:46:28.317Z - Handled json message GET_FLAKY_TASKS. Handling time: 0. Response time: 0.
[NX v22.6.4 Daemon Client] - 2026-08-26T07:46:28.317Z - [Messenger] Received message, length: 2
[NX v22.6.4 Daemon Server] - 2026-08-26T07:46:29.013Z - Established a connection. Number of open connections: 2
[NX v22.6.4 Daemon Client] - 2026-08-26T07:46:29.013Z - [Messenger] Sending message type: GET_CONFIGURE_AI_AGENTS_STATUS
[NX v22.6.4 Daemon Client] - 2026-08-26T07:46:29.013Z - [Messenger] Message sent
[NX v22.6.4 Daemon Server] - 2026-08-26T07:46:29.013Z - Received raw message of length 41
[NX v22.6.4 Daemon Server] - 2026-08-26T07:46:29.013Z - Received json message of type GET_CONFIGURE_AI_AGENTS_STATUS
[NX v22.6.4 Daemon Server] - 2026-08-26T07:46:29.013Z - [AI-AGENTS]: Returning cached agent configuration status
[NX v22.6.4 Daemon Server] - 2026-08-26T07:46:29.013Z - Serializing response for GET_CONFIGURE_AI_AGENTS_STATUS message in json mode
[NX v22.6.4 Daemon Server] - 2026-08-26T07:46:29.013Z - Responding to GET_CONFIGURE_AI_AGENTS_STATUS message
[NX v22.6.4 Daemon Server] - 2026-08-26T07:46:29.013Z - [REQUEST]: Responding to the client. handleGetConfigureAiAgentsStatus
[NX v22.6.4 Daemon Server] - 2026-08-26T07:46:29.014Z - Done responding to the client handleGetConfigureAiAgentsStatus
[NX v22.6.4 Daemon Server] - 2026-08-26T07:46:29.014Z - Handled json message GET_CONFIGURE_AI_AGENTS_STATUS. Handling time: 0. Response time: 1.
[NX v22.6.4 Daemon Server] - 2026-08-26T07:46:29.014Z - Closed a connection. Number of open connections: 1
[NX v22.6.4 Daemon Client] - 2026-08-26T07:46:29.014Z - [Messenger] Received message, length: 482
[NX v22.6.4 Daemon Client] - 2026-08-26T07:46:29.019Z - [Messenger] Sending message type: POST_TASKS_EXECUTION
[NX v22.6.4 Daemon Client] - 2026-08-26T07:46:29.019Z - [Messenger] Message sent
[NX v22.6.4 Daemon Server] - 2026-08-26T07:46:29.019Z - Received raw message of length 25067
[NX v22.6.4 Daemon Server] - 2026-08-26T07:46:29.020Z - Received json message of type POST_TASKS_EXECUTION
[NX v22.6.4 Daemon Server] - 2026-08-26T07:46:29.020Z - Serializing response for POST_TASKS_EXECUTION message in json mode
[NX v22.6.4 Daemon Server] - 2026-08-26T07:46:29.020Z - Responding to POST_TASKS_EXECUTION message
[NX v22.6.4 Daemon Server] - 2026-08-26T07:46:29.020Z - [REQUEST]: Responding to the client. handleRunPostTasksExecution
[NX v22.6.4 Daemon Server] - 2026-08-26T07:46:29.020Z - Done responding to the client handleRunPostTasksExecution
[NX v22.6.4 Daemon Server] - 2026-08-26T07:46:29.020Z - Handled json message POST_TASKS_EXECUTION. Handling time: 0. Response time: 0.
[NX v22.6.4 Daemon Server] - 2026-08-26T07:46:29.020Z - Time taken for 'postTasksExecution' 0.18620800000007875ms
[NX v22.6.4 Daemon Client] - 2026-08-26T07:46:29.020Z - [Messenger] Received message, length: 4
[NX v22.6.4 Daemon Server] - 2026-08-26T07:46:29.034Z - Closed a connection. Number of open connections: 0
[NX v22.6.4 Daemon Server] - 2026-08-26T07:46:37.453Z - [WATCHER]: packages/gmt-oxlint/tsup.config.bundled_xmi935aatx.mjs was deleted
[NX v22.6.4 Daemon Server] - 2026-08-26T07:46:37.453Z - [SYNC]: clearing sync generators cache due to file changes
[NX v22.6.4 Daemon Server] - 2026-08-26T07:46:37.453Z - [WATCHER]: Processing file changes in outputs
[NX v22.6.4 Daemon Server] - 2026-08-26T07:46:37.655Z - [REQUEST]: Updated workspace context based on watched changes, recomputing project graph...
[NX v22.6.4 Daemon Server] - 2026-08-26T07:46:37.655Z - [REQUEST]: 
[NX v22.6.4 Daemon Server] - 2026-08-26T07:46:37.655Z - [REQUEST]: packages/gmt-oxlint/tsup.config.bundled_xmi935aatx.mjs
[NX v22.6.4 Daemon Server] - 2026-08-26T07:46:37.659Z - Time taken for 'hash changed files from watcher' 0.9819999999999709ms
Time taken for 'plugin worker 93889 code loading' 147.157916ms
Time taken for 'plugin worker 93888 code loading' 143.5975ms
Time taken for 'plugin worker 93886 code loading' 146.150042ms
Time taken for 'plugin worker 93887 code loading' 149.279125ms
[NX v22.6.4 Daemon Server] - 2026-08-26T07:46:37.849Z - Time taken for 'start-plugin-worker:@nx/js/typescript' 191.96424999999908ms
[NX v22.6.4 Daemon Server] - 2026-08-26T07:46:37.849Z - Time taken for 'start-plugin-worker:nx/js/dependencies-and-lockfile' 191.15979199999856ms
[NX v22.6.4 Daemon Server] - 2026-08-26T07:46:37.849Z - Time taken for 'start-plugin-worker:nx/core/package-json' 190.49175000000105ms
[NX v22.6.4 Daemon Server] - 2026-08-26T07:46:37.849Z - Time taken for 'start-plugin-worker:nx/core/project-json' 190.00987499999974ms
Time taken for 'nx/js/dependencies-and-lockfile:createNodes' 3.94825000000003ms
[NX v22.6.4 Daemon Server] - 2026-08-26T07:46:37.989Z - Time taken for 'build-project-configs' 327.7287919999999ms
[NX v22.6.4 Daemon Server] - 2026-08-26T07:46:37.989Z - Time taken for 'createNodes:merge' 0.7811249999995198ms
[NX v22.6.4 Daemon Server] - 2026-08-26T07:46:37.989Z - Time taken for 'get-all-workspace-files' 0.2756250000002183ms
Time taken for '@nx/js/typescript:createNodes' 3.5919170000000236ms
[NX v22.6.4 Daemon Server] - 2026-08-26T07:46:37.991Z - Time taken for '@nx/js/typescript:createDependencies' 3.527749999999287ms
[NX v22.6.4 Daemon Server] - 2026-08-26T07:46:37.994Z - [WATCHER]: Processing file changes in outputs
Time taken for 'build typescript dependencies' 0.07475000000005139ms
[NX v22.6.4 Daemon Server] - 2026-08-26T07:46:37.998Z - [SYNC]: collect registered sync generators
[NX v22.6.4 Daemon Server] - 2026-08-26T07:46:37.999Z - [SYNC]: project graph hash is the same, not collecting task sync generators
[NX v22.6.4 Daemon Server] - 2026-08-26T07:46:37.999Z - [SYNC]: nx.json hash is the same, not collecting global sync generators
[NX v22.6.4 Daemon Server] - 2026-08-26T07:46:37.999Z - Time taken for 'total execution time for createProjectGraph()' 12.259542000001602ms
[NX v22.6.4 Daemon Server] - 2026-08-26T07:46:37.999Z - Time taken for 'createDependencies' 9.561041999999361ms
[NX v22.6.4 Daemon Server] - 2026-08-26T07:46:37.999Z - Time taken for 'nx/js/dependencies-and-lockfile:createDependencies' 9.510458000000654ms
[NX v22.6.4 Daemon Server] - 2026-08-26T07:46:37.999Z - Time taken for 'createMetadata' 0.024292000000059488ms
[NX v22.6.4 Daemon Server] - 2026-08-26T07:46:37.999Z - Time taken for 'serialize graph' 0.690375000000131ms
[NX v22.6.4 Daemon Server] - 2026-08-26T07:46:38.114Z - [WATCHER]: Processing file changes in outputs
[NX v22.6.4 Daemon Server] - 2026-08-26T07:47:32.069Z - [WATCHER]: packages/gmt-oxlint/tsup.config.bundled_6mqu12c2ky9.mjs was deleted
[NX v22.6.4 Daemon Server] - 2026-08-26T07:47:32.070Z - [SYNC]: clearing sync generators cache due to file changes
[NX v22.6.4 Daemon Server] - 2026-08-26T07:47:32.070Z - [WATCHER]: Processing file changes in outputs
[NX v22.6.4 Daemon Server] - 2026-08-26T07:47:32.472Z - [REQUEST]: Updated workspace context based on watched changes, recomputing project graph...
[NX v22.6.4 Daemon Server] - 2026-08-26T07:47:32.472Z - [REQUEST]: 
[NX v22.6.4 Daemon Server] - 2026-08-26T07:47:32.472Z - [REQUEST]: packages/gmt-oxlint/tsup.config.bundled_6mqu12c2ky9.mjs
[NX v22.6.4 Daemon Server] - 2026-08-26T07:47:32.475Z - Time taken for 'hash changed files from watcher' 1.0807910000003176ms
[NX v22.6.4 Daemon Server] - 2026-08-26T07:47:32.586Z - [WATCHER]: Processing file changes in outputs
Time taken for 'plugin worker 94307 code loading' 167.98183300000002ms
Time taken for 'plugin worker 94304 code loading' 167.21058299999999ms
Time taken for 'plugin worker 94305 code loading' 166.355666ms
Time taken for 'plugin worker 94306 code loading' 167.90633300000002ms
[NX v22.6.4 Daemon Server] - 2026-08-26T07:47:32.677Z - Time taken for 'start-plugin-worker:@nx/js/typescript' 203.57870800000092ms
[NX v22.6.4 Daemon Server] - 2026-08-26T07:47:32.677Z - Time taken for 'start-plugin-worker:nx/js/dependencies-and-lockfile' 202.86937499999476ms
[NX v22.6.4 Daemon Server] - 2026-08-26T07:47:32.677Z - Time taken for 'start-plugin-worker:nx/core/package-json' 202.2158749999944ms
[NX v22.6.4 Daemon Server] - 2026-08-26T07:47:32.677Z - Time taken for 'start-plugin-worker:nx/core/project-json' 201.81824999999662ms
[NX v22.6.4 Daemon Server] - 2026-08-26T07:47:32.756Z - [WATCHER]: Processing file changes in outputs
Time taken for 'nx/js/dependencies-and-lockfile:createNodes' 5.161875000000009ms
[NX v22.6.4 Daemon Server] - 2026-08-26T07:47:32.836Z - Time taken for 'build-project-configs' 358.0418329999957ms
[NX v22.6.4 Daemon Server] - 2026-08-26T07:47:32.836Z - Time taken for 'createNodes:merge' 0.9365419999958249ms
[NX v22.6.4 Daemon Server] - 2026-08-26T07:47:32.837Z - Time taken for 'get-all-workspace-files' 0.3048749999870779ms
Time taken for '@nx/js/typescript:createNodes' 4.234541999999976ms
[NX v22.6.4 Daemon Server] - 2026-08-26T07:47:32.839Z - Time taken for '@nx/js/typescript:createDependencies' 3.2883749999891734ms
Time taken for 'build typescript dependencies' 0.06825000000003456ms
[NX v22.6.4 Daemon Server] - 2026-08-26T07:47:32.847Z - [SYNC]: collect registered sync generators
[NX v22.6.4 Daemon Server] - 2026-08-26T07:47:32.847Z - [SYNC]: project graph hash is the same, not collecting task sync generators
[NX v22.6.4 Daemon Server] - 2026-08-26T07:47:32.847Z - [SYNC]: nx.json hash is the same, not collecting global sync generators
[NX v22.6.4 Daemon Server] - 2026-08-26T07:47:32.847Z - Time taken for 'total execution time for createProjectGraph()' 13.02179199999955ms
[NX v22.6.4 Daemon Server] - 2026-08-26T07:47:32.847Z - Time taken for 'createDependencies' 10.605291999992914ms
[NX v22.6.4 Daemon Server] - 2026-08-26T07:47:32.847Z - Time taken for 'nx/js/dependencies-and-lockfile:createDependencies' 10.550958000007086ms
[NX v22.6.4 Daemon Server] - 2026-08-26T07:47:32.847Z - Time taken for 'createMetadata' 0.01595899999665562ms
[NX v22.6.4 Daemon Server] - 2026-08-26T07:47:32.847Z - Time taken for 'serialize graph' 0.6925000000046566ms
[NX v22.6.4 Daemon Server] - 2026-08-26T09:35:31.395Z - [WATCHER]: 2 file(s) created or restored, 0 file(s) modified, 0 file(s) deleted
[NX v22.6.4 Daemon Server] - 2026-08-26T09:35:31.397Z - [SYNC]: clearing sync generators cache due to file changes
[NX v22.6.4 Daemon Server] - 2026-08-26T09:35:31.397Z - [WATCHER]: Processing file changes in outputs
[NX v22.6.4 Daemon Server] - 2026-08-26T09:35:31.501Z - [REQUEST]: Updated workspace context based on watched changes, recomputing project graph...
[NX v22.6.4 Daemon Server] - 2026-08-26T09:35:31.501Z - [REQUEST]: packages/gmt/README.md,README.md
[NX v22.6.4 Daemon Server] - 2026-08-26T09:35:31.501Z - [REQUEST]: 
[NX v22.6.4 Daemon Server] - 2026-08-26T09:35:31.507Z - Time taken for 'hash changed files from watcher' 2.736583000048995ms
Time taken for 'plugin worker 21228 code loading' 153.4665ms
Time taken for 'plugin worker 21227 code loading' 153.411875ms
Time taken for 'plugin worker 21226 code loading' 153.446417ms
Time taken for 'plugin worker 21225 code loading' 153.435541ms
[NX v22.6.4 Daemon Server] - 2026-08-26T09:35:31.708Z - Time taken for 'start-plugin-worker:@nx/js/typescript' 204.07508399989456ms
[NX v22.6.4 Daemon Server] - 2026-08-26T09:35:31.708Z - Time taken for 'start-plugin-worker:nx/js/dependencies-and-lockfile' 202.6674580005929ms
[NX v22.6.4 Daemon Server] - 2026-08-26T09:35:31.709Z - Time taken for 'start-plugin-worker:nx/core/package-json' 201.99462500028312ms
[NX v22.6.4 Daemon Server] - 2026-08-26T09:35:31.709Z - Time taken for 'start-plugin-worker:nx/core/project-json' 201.64704100042582ms
Time taken for 'nx/js/dependencies-and-lockfile:createNodes' 3.992083999999977ms
[NX v22.6.4 Daemon Server] - 2026-08-26T09:35:31.856Z - Time taken for 'build-project-configs' 345.672540999949ms
[NX v22.6.4 Daemon Server] - 2026-08-26T09:35:31.856Z - Time taken for 'createNodes:merge' 0.9653329998254776ms
[NX v22.6.4 Daemon Server] - 2026-08-26T09:35:31.856Z - Time taken for 'get-all-workspace-files' 0.2807090003043413ms
Time taken for '@nx/js/typescript:createNodes' 4.542874999999981ms
[NX v22.6.4 Daemon Server] - 2026-08-26T09:35:31.858Z - Time taken for '@nx/js/typescript:createDependencies' 3.8048329995945096ms
Time taken for 'build typescript dependencies' 3.1872079999999983ms
[NX v22.6.4 Daemon Server] - 2026-08-26T09:35:31.868Z - [SYNC]: collect registered sync generators
[NX v22.6.4 Daemon Server] - 2026-08-26T09:35:31.868Z - [SYNC]: project graph hash is the same, not collecting task sync generators
[NX v22.6.4 Daemon Server] - 2026-08-26T09:35:31.868Z - [SYNC]: nx.json hash is the same, not collecting global sync generators
[NX v22.6.4 Daemon Server] - 2026-08-26T09:35:31.868Z - Time taken for 'total execution time for createProjectGraph()' 15.931874999776483ms
[NX v22.6.4 Daemon Server] - 2026-08-26T09:35:31.868Z - Time taken for 'createDependencies' 12.298999999649823ms
[NX v22.6.4 Daemon Server] - 2026-08-26T09:35:31.868Z - Time taken for 'nx/js/dependencies-and-lockfile:createDependencies' 12.24304199963808ms
[NX v22.6.4 Daemon Server] - 2026-08-26T09:35:31.868Z - Time taken for 'createMetadata' 0.012834000401198864ms
[NX v22.6.4 Daemon Server] - 2026-08-26T09:35:31.868Z - Time taken for 'serialize graph' 0.6523750005289912ms
[NX v22.6.4 Daemon Server] - 2026-08-26T11:11:02.172Z - [WATCHER]: 10 file(s) created or restored, 0 file(s) modified, 0 file(s) deleted
[NX v22.6.4 Daemon Server] - 2026-08-26T11:11:02.174Z - [SYNC]: clearing sync generators cache due to file changes
[NX v22.6.4 Daemon Server] - 2026-08-26T11:11:02.175Z - [WATCHER]: Processing file changes in outputs
[NX v22.6.4 Daemon Server] - 2026-08-26T11:11:02.279Z - [REQUEST]: Updated workspace context based on watched changes, recomputing project graph...
[NX v22.6.4 Daemon Server] - 2026-08-26T11:11:02.279Z - [REQUEST]: context/dox/issues/DOX-A.md,context/dox/appendix-parked.md,context/dox/tracker.md,context/dox/issues/DOX-B.md,context/dox/overview.md,context/dox/issues/DOX-D.md,context/dox/issues/DOX-C.md,context/dox/index.md,context/dox/story-groups.md,context/dox/issues/DOX-E.md
[NX v22.6.4 Daemon Server] - 2026-08-26T11:11:02.279Z - [REQUEST]: 
[NX v22.6.4 Daemon Server] - 2026-08-26T11:11:02.284Z - Time taken for 'hash changed files from watcher' 2.487082999199629ms
Time taken for 'plugin worker 45304 code loading' 144.879459ms
Time taken for 'plugin worker 45302 code loading' 144.89154200000002ms
Time taken for 'plugin worker 45303 code loading' 144.889584ms
Time taken for 'plugin worker 45301 code loading' 144.136334ms
[NX v22.6.4 Daemon Server] - 2026-08-26T11:11:02.466Z - Time taken for 'start-plugin-worker:@nx/js/typescript' 183.65116599947214ms
[NX v22.6.4 Daemon Server] - 2026-08-26T11:11:02.466Z - Time taken for 'start-plugin-worker:nx/js/dependencies-and-lockfile' 182.71420799940825ms
[NX v22.6.4 Daemon Server] - 2026-08-26T11:11:02.466Z - Time taken for 'start-plugin-worker:nx/core/package-json' 182.23874999955297ms
[NX v22.6.4 Daemon Server] - 2026-08-26T11:11:02.466Z - Time taken for 'start-plugin-worker:nx/core/project-json' 181.93225000053644ms
Time taken for 'nx/js/dependencies-and-lockfile:createNodes' 3.8568329999999946ms
[NX v22.6.4 Daemon Server] - 2026-08-26T11:11:02.598Z - Time taken for 'build-project-configs' 311.0976670011878ms
[NX v22.6.4 Daemon Server] - 2026-08-26T11:11:02.598Z - Time taken for 'createNodes:merge' 0.7712079994380474ms
[NX v22.6.4 Daemon Server] - 2026-08-26T11:11:02.598Z - Time taken for 'get-all-workspace-files' 0.13554099947214127ms
Time taken for '@nx/js/typescript:createNodes' 4.024167000000034ms
[NX v22.6.4 Daemon Server] - 2026-08-26T11:11:02.600Z - Time taken for '@nx/js/typescript:createDependencies' 3.3734159991145134ms
Time taken for 'build typescript dependencies' 0.05854099999999107ms
[NX v22.6.4 Daemon Server] - 2026-08-26T11:11:02.607Z - [SYNC]: collect registered sync generators
[NX v22.6.4 Daemon Server] - 2026-08-26T11:11:02.607Z - [SYNC]: project graph hash is the same, not collecting task sync generators
[NX v22.6.4 Daemon Server] - 2026-08-26T11:11:02.607Z - [SYNC]: nx.json hash is the same, not collecting global sync generators
[NX v22.6.4 Daemon Server] - 2026-08-26T11:11:02.607Z - Time taken for 'total execution time for createProjectGraph()' 12.010250000283122ms
[NX v22.6.4 Daemon Server] - 2026-08-26T11:11:02.607Z - Time taken for 'createDependencies' 9.344499999657273ms
[NX v22.6.4 Daemon Server] - 2026-08-26T11:11:02.607Z - Time taken for 'nx/js/dependencies-and-lockfile:createDependencies' 9.290874999016523ms
[NX v22.6.4 Daemon Server] - 2026-08-26T11:11:02.607Z - Time taken for 'createMetadata' 0.00966700166463852ms
[NX v22.6.4 Daemon Server] - 2026-08-26T11:11:02.607Z - Time taken for 'serialize graph' 0.6493750009685755ms
[NX v22.6.4 Daemon Server] - 2026-08-26T11:11:04.117Z - [WATCHER]: _tmp_45341_dc98f004ead1629e0036859be5ca7626 was deleted
[NX v22.6.4 Daemon Server] - 2026-08-26T11:11:04.117Z - [SYNC]: clearing sync generators cache due to file changes
[NX v22.6.4 Daemon Server] - 2026-08-26T11:11:04.117Z - [WATCHER]: Processing file changes in outputs
[NX v22.6.4 Daemon Server] - 2026-08-26T11:11:04.319Z - [REQUEST]: Updated workspace context based on watched changes, recomputing project graph...
[NX v22.6.4 Daemon Server] - 2026-08-26T11:11:04.319Z - [REQUEST]: 
[NX v22.6.4 Daemon Server] - 2026-08-26T11:11:04.319Z - [REQUEST]: _tmp_45341_dc98f004ead1629e0036859be5ca7626
[NX v22.6.4 Daemon Server] - 2026-08-26T11:11:04.322Z - Time taken for 'hash changed files from watcher' 0.9577079992741346ms
Time taken for 'plugin worker 45346 code loading' 64.21541699999999ms
Time taken for 'plugin worker 45347 code loading' 64.31812500000001ms
Time taken for 'plugin worker 45345 code loading' 63.622249999999994ms
Time taken for 'plugin worker 45348 code loading' 64.122333ms
[NX v22.6.4 Daemon Server] - 2026-08-26T11:11:04.418Z - Time taken for 'start-plugin-worker:@nx/js/typescript' 98.2297499999404ms
[NX v22.6.4 Daemon Server] - 2026-08-26T11:11:04.418Z - Time taken for 'start-plugin-worker:nx/js/dependencies-and-lockfile' 97.56658400036395ms
[NX v22.6.4 Daemon Server] - 2026-08-26T11:11:04.418Z - Time taken for 'start-plugin-worker:nx/core/package-json' 97.00600000098348ms
[NX v22.6.4 Daemon Server] - 2026-08-26T11:11:04.418Z - Time taken for 'start-plugin-worker:nx/core/project-json' 96.68633300065994ms
Time taken for 'nx/js/dependencies-and-lockfile:createNodes' 2.746291999999997ms
[NX v22.6.4 Daemon Server] - 2026-08-26T11:11:04.488Z - Time taken for 'build-project-configs' 164.06787499971688ms
[NX v22.6.4 Daemon Server] - 2026-08-26T11:11:04.488Z - Time taken for 'createNodes:merge' 0.7228329982608557ms
[NX v22.6.4 Daemon Server] - 2026-08-26T11:11:04.488Z - Time taken for 'get-all-workspace-files' 0.14687499962747097ms
Time taken for '@nx/js/typescript:createNodes' 3.051792000000006ms
[NX v22.6.4 Daemon Server] - 2026-08-26T11:11:04.493Z - Time taken for '@nx/js/typescript:createDependencies' 5.85504199936986ms
Time taken for 'build typescript dependencies' 0.06416699999999764ms
[NX v22.6.4 Daemon Server] - 2026-08-26T11:11:04.499Z - [SYNC]: collect registered sync generators
[NX v22.6.4 Daemon Server] - 2026-08-26T11:11:04.499Z - [SYNC]: project graph hash is the same, not collecting task sync generators
[NX v22.6.4 Daemon Server] - 2026-08-26T11:11:04.499Z - [SYNC]: nx.json hash is the same, not collecting global sync generators
[NX v22.6.4 Daemon Server] - 2026-08-26T11:11:04.499Z - Time taken for 'total execution time for createProjectGraph()' 13.275833001360297ms
[NX v22.6.4 Daemon Server] - 2026-08-26T11:11:04.499Z - Time taken for 'createDependencies' 10.834374999627471ms
[NX v22.6.4 Daemon Server] - 2026-08-26T11:11:04.499Z - Time taken for 'nx/js/dependencies-and-lockfile:createDependencies' 10.784583000466228ms
[NX v22.6.4 Daemon Server] - 2026-08-26T11:11:04.499Z - Time taken for 'createMetadata' 0.018834000453352928ms
[NX v22.6.4 Daemon Server] - 2026-08-26T11:11:04.499Z - Time taken for 'serialize graph' 0.710665998980403ms
[NX v22.6.4 Daemon Server] - 2026-08-26T14:11:04.130Z - [WATCHER]: Stopping the watcher for /Users/craigcurtis/workbench/northguild/gmt (sources)
[NX v22.6.4 Daemon Server] - 2026-08-26T14:11:04.133Z - [WATCHER]: Stopping the watcher for /Users/craigcurtis/workbench/northguild/gmt (outputs)
[NX v22.6.4 Daemon Server] - 2026-08-26T14:11:04.142Z - [LATEST-NX]: Cleaning up latest Nx installation from /private/var/folders/63/d7nkfk_s5n3dq9c2mq1m70qc0000gn/T/tmp-93411-Z4sIuHUedJ2q
[NX v22.6.4 Daemon Server] - 2026-08-26T14:11:04.143Z - Server stopped because: "10800000ms of inactivity"
